bun.exe : $ astro build
En C:\Users\ALEX\AppData\Roaming\npm\bun.ps1: 14 Carácter: 3
+   & "$basedir/node_modules/bun/bin/bun.exe"   $args
+   ~~~~~~~~~~~~~~~~~~~~~~~~~~~~~~~~~~~~~~~~~~~~~~~~~
    + CategoryInfo          : NotSpecified: ($ astro build:String) [], Remot 
   eException
    + FullyQualifiedErrorId : NativeCommandError
 
[2m00:31:48[22m [34m[vite][39m Re-optimizing dependencies because vite config has changed
[2m00:31:49[22m [34m[types][39m Generated [2m213ms[22m
[2m00:31:49[22m [34m[build][39m output: [34m"static"[39m
[2m00:31:49[22m [34m[build][39m mode: [34m"static"[39m
[2m00:31:49[22m [34m[build][39m directory: [34mD:\Mega\Web development\aproach-calculator\dist\[39m
[2m00:31:49[22m [34m[build][39m Collecting build info...
[2m00:31:49[22m [34m[build][39m [32mÔ£ô Completed in 332ms.[39m
[2m00:31:49[22m [34m[build][39m Building static entrypoints...
[31m[1m00:31:49[22m [ERROR] [vite][39m [31mÔ£ù[39m Build failed in 
918ms
src/logic/store.ts (2:30): "defaultAssessment" is not exported by 
"src/logic/schema.ts", imported by "src/logic/store.ts".
file: D:/Mega/Web development/aproach-calculator/src/logic/store.ts:2:30

1: import { atom } from 'nanostores';
2: import { type AssessmentData, defaultAssessment } from './schema';
                                 ^
3: 
4: export type AssessmentStep = 'volumetry' | 'complexity' | 'compliance' | 
'operations' | 'results';

  [1mLocation:[22m
    [4mD:/Mega/Web 
development/aproach-calculator/src/logic/store.ts:2:30[24m
  [1mStack trace:[22m
[2m    at getRollupError (file:///D:/Mega/Web%20development/aproach-calculat
or/node_modules/rollup/dist/es/shared/parseAst.js:402:41)
    at Module.error (file:///D:/Mega/Web%20development/aproach-calculator/nod
e_modules/rollup/dist/es/shared/node-entry.js:17040:16)
    at ModuleScope.findVariable (file:///D:/Mega/Web%20development/aproach-ca
lculator/node_modules/rollup/dist/es/shared/node-entry.js:15070:39)
    at CallExpression.bind (file:///D:/Mega/Web%20development/aproach-calcula
tor/node_modules/rollup/dist/es/shared/node-entry.js:2825:28)
    at VariableDeclarator.bind (file:///D:/Mega/Web%20development/aproach-cal
culator/node_modules/rollup/dist/es/shared/node-entry.js:2829:23)[22m
error: script "build" exited with code 1
